
> skina@0.0.1 build
> astro build

[2m18:27:06[22m [34m[content][39m Syncing content
[2m18:27:06[22m [34m[content][39m Synced content
[2m18:27:06[22m [34m[types][39m Generated [2m24ms[22m
[2m18:27:06[22m [34m[build][39m output: [34m"static"[39m
[2m18:27:06[22m [34m[build][39m mode: [34m"static"[39m
[2m18:27:06[22m [34m[build][39m directory: [34mC:\Users\jpsab\Documents\ANZOL\SKINA\dist\[39m
[2m18:27:06[22m [34m[build][39m Collecting build info...
[2m18:27:06[22m [34m[build][39m [32m✓ Completed in 32ms.[39m
[2m18:27:06[22m [34m[build][39m Building static entrypoints...
[2m18:27:06[22m [34m[vite][39m [32m✓ built in 527ms[39m
[2m18:27:06[22m [34m[build][39m [32m✓ Completed in 554ms.[39m

[42m[30m building client (vite) [39m[49m
[2m18:27:06[22m [34m[vite][39m transforming...
[2m18:27:06[22m [34m[vite][39m [32m✓[39m 3 modules transformed.
[2m18:27:06[22m [34m[vite][39m rendering chunks...
[2m18:27:06[22m [34m[vite][39m [32m✓ built in 14ms[39m

[42m[30m generating static routes [39m[49m
[2m18:27:06[22m [32m▶[39m src/pages/index.astro
[2m18:27:06[22m   [34m└─[39m [2m/index.html[22m [2m(+8ms)[22m 
[2m18:27:06[22m [32m✓ Completed in 19ms.
[39m
[2m18:27:06[22m [34m[build][39m 1 page(s) built in [1m636ms[22m
[2m18:27:06[22m [34m[build][39m [1mComplete![22m
